// Jest Snapshot v1, https://goo.gl/fbAQLP

exports[`Services component updates when there is service data 1`] = `
<div>
  <h3>
    Services
  </h3>
  <table
    className="service-table"
  >
    <tbody
      className="service-table-body"
    >
      <tr
        className="service-columns"
      >
        <td>
          Title
        </td>
      </tr>
      <tr
        className="service-inputs"
      >
        <td>
          <input
            className="service-input-title"
            onChange={[Function]}
            placeholder="Title"
            type="text"
            value=""
          />
        </td>
        <td
          className="service-input-buttons"
        >
          <button
            className="service-add-button"
            onClick={[Function]}
          >
            Add
          </button>
          <button
            className="service-update-button"
            onClick={[Function]}
          >
            Update
          </button>
        </td>
      </tr>
      <tr
        className="service-details"
      >
        <td
          onClick={[Function]}
        >
          Catering
        </td>
        <td
          className="service-buttons"
        >
          <button
            className="service-delete-button"
            onClick={[Function]}
          >
            Delete
          </button>
          <button
            className="service-edit-button"
            onClick={[Function]}
          >
            Edit
          </button>
        </td>
      </tr>
      <tr
        className="service-details"
      >
        <td
          onClick={[Function]}
        >
          Dog Walking
        </td>
        <td
          className="service-buttons"
        >
          <button
            className="service-delete-button"
            onClick={[Function]}
          >
            Delete
          </button>
          <button
            className="service-edit-button"
            onClick={[Function]}
          >
            Edit
          </button>
        </td>
      </tr>
      <tr
        className="service-details"
      >
        <td
          onClick={[Function]}
        >
          Petsitting
        </td>
        <td
          className="service-buttons"
        >
          <button
            className="service-delete-button"
            onClick={[Function]}
          >
            Delete
          </button>
          <button
            className="service-edit-button"
            onClick={[Function]}
          >
            Edit
          </button>
        </td>
      </tr>
    </tbody>
  </table>
</div>
`;

exports[`Snapshot renders 1`] = `
<div>
  <h3>
    Services
  </h3>
  <table
    className="service-table"
  >
    <tbody
      className="service-table-body"
    >
      <tr
        className="service-columns"
      >
        <td>
          Title
        </td>
      </tr>
      <tr
        className="service-inputs"
      >
        <td>
          <input
            className="service-input-title"
            onChange={[Function]}
            placeholder="Title"
            type="text"
            value=""
          />
        </td>
        <td
          className="service-input-buttons"
        >
          <button
            className="service-add-button"
            onClick={[Function]}
          >
            Add
          </button>
          <button
            className="service-update-button"
            onClick={[Function]}
          >
            Update
          </button>
        </td>
      </tr>
      <tr
        className="service-details"
      >
        <td
          onClick={[Function]}
        >
          Catering
        </td>
        <td
          className="service-buttons"
        >
          <button
            className="service-delete-button"
            onClick={[Function]}
          >
            Delete
          </button>
          <button
            className="service-edit-button"
            onClick={[Function]}
          >
            Edit
          </button>
        </td>
      </tr>
      <tr
        className="service-details"
      >
        <td
          onClick={[Function]}
        >
          Dog Walking
        </td>
        <td
          className="service-buttons"
        >
          <button
            className="service-delete-button"
            onClick={[Function]}
          >
            Delete
          </button>
          <button
            className="service-edit-button"
            onClick={[Function]}
          >
            Edit
          </button>
        </td>
      </tr>
      <tr
        className="service-details"
      >
        <td
          onClick={[Function]}
        >
          Petsitting
        </td>
        <td
          className="service-buttons"
        >
          <button
            className="service-delete-button"
            onClick={[Function]}
          >
            Delete
          </button>
          <button
            className="service-edit-button"
            onClick={[Function]}
          >
            Edit
          </button>
        </td>
      </tr>
    </tbody>
  </table>
</div>
`;
